---
source: tests/snapshots.rs
expression: buffer_to_text(&buf)
---
 FILTERS                   ▶▮◀ /tmp/tuxedo-snapshot.txt  •  15 tas DETAIL                           
                                                                                                    
 PROJECTS                  (1)  TODAY  ─────────────────────────── priority  (A)                    
   +work             4      1 ▸ (A) Finish Q2 board deck +work @la created   2026-05-01             
   +health           3     (2)  THIS WEEK  ─────────────────────── due       2026-05-06  today      
   +finance          2      2   (B) Review pull requests for auth  projects  +work                  
   +home             1      3   (A) Call dentist to reschedule cle contexts  @laptop                
   +learning         1     (2)  NEXT WEEK  ───────────────────────                                  
   +personal         1      4       Migrate analytics to new pipel                                  
   +travel           1      5       Pay rent due:2026-05-15 rec:+1                                  
                           (2)  LATER  ───────────────────────────                                  
 CONTEXTS                   6   (B) Renew passport before summer t                                  
   @errands          4      7   (C) Pay quarterly estimated taxes                                   
   @home             4     (8)  NO DUE DATE  ─────────────────────                                  
   @laptop           4      8   (B) Draft hiring rubric for senior                                  
   @phone            3      9   (C) Order new running shoes +healt                                  
                           10       Pick up dry cleaning @errands                                   
                           11       Schedule annual physical @phon                                  
                           12       Read "Designing Data-Intensive                                  
                           13       Send thank-you note to mentor                                   
                           14       Plan Saturday hike with K. @ph                                  
                           15       Replace bathroom faucet washer                                  
                                                                                                    
                                                                                                    
                                                                                                    
                                                                                                    
                                                                                                    
                                                                                                    
                                                                                                    
                                                                                                    
                                                                                                    
 NORMAL · sort: due   j/k · n new · r reschedule · x d15 open · 2026-05-06 · tuxedo 2026.7.1-prumo2
