---
source: tests/snapshots.rs
expression: buffer_to_styled(&buf)
---
{fg=#1d8f1d bg=#041204 mod=bold} FILTERS{/}{fg=#33ff33 bg=#041204}                  {/}{bg=#041204} {/}{fg=#66ff66 bg=#041204}▶{/}{fg=#aaffaa bg=#041204}▮{/}{fg=#66ff66 bg=#041204}◀{/}{bg=#041204} {/}{fg=#33ff33 bg=#041204 mod=bold}/tmp/tuxedo-snapshot.txt{/}{fg=#1d8f1d bg=#041204}  •  0 task{/}{fg=#1d8f1d bg=#041204 mod=bold} DETAIL{/}{fg=#33ff33 bg=#041204}                           {/}
{fg=#33ff33 bg=#041204}                          {/}{bg=#020a02}                                        {/}{fg=#33ff33 bg=#041204}                                  {/}
{fg=#66ff66 bg=#041204 mod=bold} PROJECTS{/}{fg=#33ff33 bg=#041204}                 {/}{bg=#020a02}                                        {/}{fg=#1d8f1d bg=#041204} (no task){/}{fg=#33ff33 bg=#041204}                        {/}
{fg=#33ff33 bg=#041204}   {/}{fg=#1d8f1d bg=#041204}tag with {/}{fg=#66ff66 bg=#041204}+project{/}{fg=#33ff33 bg=#041204}      {/}{bg=#020a02}                                        {/}{fg=#33ff33 bg=#041204}                                  {/}
{fg=#33ff33 bg=#041204}                          {/}{bg=#020a02}                                        {/}{fg=#33ff33 bg=#041204}                                  {/}
{fg=#2adf2a bg=#041204 mod=bold} CONTEXTS{/}{fg=#33ff33 bg=#041204}                 {/}{bg=#020a02}                                        {/}{fg=#33ff33 bg=#041204}                                  {/}
{fg=#33ff33 bg=#041204}   {/}{fg=#1d8f1d bg=#041204}tag with {/}{fg=#2adf2a bg=#041204}@context{/}{fg=#33ff33 bg=#041204}      {/}{bg=#020a02}                                        {/}{fg=#33ff33 bg=#041204}                                  {/}
{fg=#33ff33 bg=#041204}                          {/}{bg=#020a02}                                        {/}{fg=#33ff33 bg=#041204}                                  {/}
{fg=#33ff33 bg=#041204}                      {/}{fg=#0f3f0f bg=#041204}┌ {/}{fg=#66ff66 bg=#041204 mod=bold}tuxedo{/}{fg=#1d8f1d bg=#041204} · welcome {/}{fg=#0f3f0f bg=#041204}────────────────────────────────────┐{/}{fg=#33ff33 bg=#041204}                      {/}
{fg=#33ff33 bg=#041204}                      {/}{fg=#0f3f0f bg=#041204}│{/}{fg=#33ff33 bg=#041204}                    {/}{fg=#66ff66 bg=#041204}██{/}{fg=#33ff33 bg=#041204}          {/}{fg=#66ff66 bg=#041204}██{/}{fg=#33ff33 bg=#041204}                    {/}{fg=#0f3f0f bg=#041204}│{/}{fg=#33ff33 bg=#041204}                      {/}
{fg=#33ff33 bg=#041204}                      {/}{fg=#0f3f0f bg=#041204}│{/}{fg=#33ff33 bg=#041204}                    {/}{fg=#66ff66 bg=#041204}████{/}{fg=#33ff33 bg=#041204}  {/}{fg=#aaffaa bg=#041204}██{/}{fg=#33ff33 bg=#041204}  {/}{fg=#66ff66 bg=#041204}████{/}{fg=#33ff33 bg=#041204}                    {/}{fg=#0f3f0f bg=#041204}│{/}{fg=#33ff33 bg=#041204}                      {/}
{fg=#33ff33 bg=#041204}                      {/}{fg=#0f3f0f bg=#041204}│{/}{fg=#33ff33 bg=#041204}                    {/}{fg=#66ff66 bg=#041204}██████{/}{fg=#aaffaa bg=#041204}██{/}{fg=#66ff66 bg=#041204}██████{/}{fg=#33ff33 bg=#041204}                    {/}{fg=#0f3f0f bg=#041204}│{/}{fg=#33ff33 bg=#041204}                      {/}
{fg=#33ff33 bg=#041204}                      {/}{fg=#0f3f0f bg=#041204}│{/}{fg=#33ff33 bg=#041204}                    {/}{fg=#66ff66 bg=#041204}████{/}{fg=#33ff33 bg=#041204}  {/}{fg=#aaffaa bg=#041204}██{/}{fg=#33ff33 bg=#041204}  {/}{fg=#66ff66 bg=#041204}████{/}{fg=#33ff33 bg=#041204}                    {/}{fg=#0f3f0f bg=#041204}│{/}{fg=#33ff33 bg=#041204}                      {/}
{fg=#33ff33 bg=#041204}                      {/}{fg=#0f3f0f bg=#041204}│{/}{fg=#33ff33 bg=#041204}                    {/}{fg=#66ff66 bg=#041204}██{/}{fg=#33ff33 bg=#041204}          {/}{fg=#66ff66 bg=#041204}██{/}{fg=#33ff33 bg=#041204}                    {/}{fg=#0f3f0f bg=#041204}│{/}{fg=#33ff33 bg=#041204}                      {/}
{fg=#33ff33 bg=#041204}                      {/}{fg=#0f3f0f bg=#041204}│{/}{fg=#33ff33 bg=#041204}                                                      {/}{fg=#0f3f0f bg=#041204}│{/}{fg=#33ff33 bg=#041204}                      {/}
{fg=#33ff33 bg=#041204}                      {/}{fg=#0f3f0f bg=#041204}│{/}{fg=#33ff33 bg=#041204}  no todo.txt in this folder yet                      {/}{fg=#0f3f0f bg=#041204}│{/}{fg=#33ff33 bg=#041204}                      {/}
{fg=#33ff33 bg=#041204}                      {/}{fg=#0f3f0f bg=#041204}│{/}{fg=#33ff33 bg=#041204}                                                      {/}{fg=#0f3f0f bg=#041204}│{/}{fg=#33ff33 bg=#041204}                      {/}
{fg=#33ff33 bg=#041204}                      {/}{fg=#0f3f0f bg=#041204}│{/}{fg=#33ff33 bg=#041204}   {/}{fg=#2adf2a bg=#041204 mod=bold}c   {/}{fg=#33ff33 bg=#041204}create ./todo.txt here                         {/}{fg=#0f3f0f bg=#041204}│{/}{fg=#33ff33 bg=#041204}                      {/}
{fg=#33ff33 bg=#041204}                      {/}{fg=#0f3f0f bg=#041204}│{/}{fg=#33ff33 bg=#041204}   {/}{fg=#2adf2a bg=#041204 mod=bold}s   {/}{fg=#33ff33 bg=#041204}open the sample                                {/}{fg=#0f3f0f bg=#041204}│{/}{fg=#33ff33 bg=#041204}                      {/}
{fg=#33ff33 bg=#041204}                      {/}{fg=#0f3f0f bg=#041204}│{/}{fg=#33ff33 bg=#041204}   {/}{fg=#2adf2a bg=#041204 mod=bold}q   {/}{fg=#33ff33 bg=#041204}quit                                           {/}{fg=#0f3f0f bg=#041204}│{/}{fg=#33ff33 bg=#041204}                      {/}
{fg=#33ff33 bg=#041204}                      {/}{fg=#0f3f0f bg=#041204}│{/}{fg=#33ff33 bg=#041204}                                                      {/}{fg=#0f3f0f bg=#041204}│{/}{fg=#33ff33 bg=#041204}                      {/}
{fg=#33ff33 bg=#041204}                      {/}{fg=#0f3f0f bg=#041204}│{/}{fg=#33ff33 bg=#041204}                                                      {/}{fg=#0f3f0f bg=#041204}│{/}{fg=#33ff33 bg=#041204}                      {/}
{fg=#33ff33 bg=#041204}                      {/}{fg=#0f3f0f bg=#041204}│{/}{fg=#33ff33 bg=#041204}                                                      {/}{fg=#0f3f0f bg=#041204}│{/}{fg=#33ff33 bg=#041204}                      {/}
{fg=#33ff33 bg=#041204}                      {/}{fg=#0f3f0f bg=#041204}└──────────────────────────────────────────────────────┘{/}{fg=#33ff33 bg=#041204}                      {/}
{fg=#33ff33 bg=#041204}                          {/}{bg=#020a02}                                        {/}{fg=#33ff33 bg=#041204}                                  {/}
{fg=#33ff33 bg=#041204}                          {/}{bg=#020a02}                                        {/}{fg=#33ff33 bg=#041204}                                  {/}
{fg=#33ff33 bg=#041204}                          {/}{bg=#020a02}                                        {/}{fg=#33ff33 bg=#041204}                                  {/}
{fg=#33ff33 bg=#041204}                          {/}{bg=#020a02}                                        {/}{fg=#33ff33 bg=#041204}                                  {/}
{fg=#33ff33 bg=#041204}                          {/}{bg=#020a02}                                        {/}{fg=#33ff33 bg=#041204}                                  {/}
{fg=#33ff33 bg=#041204}                          {/}{bg=#020a02}                                        {/}{fg=#33ff33 bg=#041204}                                  {/}
{fg=#33ff33 bg=#041204}                          {/}{bg=#020a02}                                        {/}{fg=#33ff33 bg=#041204}                                  {/}
{fg=#020a02 bg=#33ff33 mod=bold} WELCOME {/}{bg=#041204}  {/}{fg=#33ff33 bg=#041204}c create ./todo.txt · s open sample · q quit{/}{fg=#1d8f1d bg=#041204}0 open · 2026-05-06 · tuxedo 2026.7.1-prumo2 {/}
