---
source: tests/snapshots.rs
expression: buffer_to_styled(&buf)
---
{bg=#041204} {/}{fg=#66ff66 bg=#041204}▶{/}{fg=#aaffaa bg=#041204}▮{/}{fg=#66ff66 bg=#041204}◀{/}{bg=#041204} {/}{fg=#33ff33 bg=#041204 mod=bold}/tmp/tuxedo-snapshot.txt{/}{fg=#1d8f1d bg=#041204}  •  0 tasks  •  {/}{fg=#66ff66 bg=#041204}sort:priority{/}{bg=#041204}                                         {/}
{bg=#020a02}                                                                                                    {/}
{bg=#020a02}                                                                                                    {/}
{bg=#020a02}                                                                                                    {/}
{bg=#020a02}                                                                                                    {/}
{bg=#020a02}                                                                                                    {/}
{bg=#020a02}                                                                                                    {/}
{bg=#020a02}                                                                                                    {/}
{bg=#020a02}                      {/}{fg=#0f3f0f bg=#020a02}┌ {/}{fg=#66ff66 bg=#020a02 mod=bold}tuxedo{/}{fg=#0f3f0f bg=#020a02} ──────────────────────────────────────────────┐{/}{bg=#020a02}                      {/}
{bg=#020a02}                      {/}{fg=#0f3f0f bg=#020a02}│{/}{fg=#33ff33 bg=#020a02}                    {/}{fg=#66ff66 bg=#020a02}██{/}{fg=#33ff33 bg=#020a02}          {/}{fg=#66ff66 bg=#020a02}██{/}{fg=#33ff33 bg=#020a02}                    {/}{fg=#0f3f0f bg=#020a02}│{/}{bg=#020a02}                      {/}
{bg=#020a02}                      {/}{fg=#0f3f0f bg=#020a02}│{/}{fg=#33ff33 bg=#020a02}                    {/}{fg=#66ff66 bg=#020a02}████{/}{fg=#33ff33 bg=#020a02}  {/}{fg=#aaffaa bg=#020a02}██{/}{fg=#33ff33 bg=#020a02}  {/}{fg=#66ff66 bg=#020a02}████{/}{fg=#33ff33 bg=#020a02}                    {/}{fg=#0f3f0f bg=#020a02}│{/}{bg=#020a02}                      {/}
{bg=#020a02}                      {/}{fg=#0f3f0f bg=#020a02}│{/}{fg=#33ff33 bg=#020a02}                    {/}{fg=#66ff66 bg=#020a02}██████{/}{fg=#aaffaa bg=#020a02}██{/}{fg=#66ff66 bg=#020a02}██████{/}{fg=#33ff33 bg=#020a02}                    {/}{fg=#0f3f0f bg=#020a02}│{/}{bg=#020a02}                      {/}
{bg=#020a02}                      {/}{fg=#0f3f0f bg=#020a02}│{/}{fg=#33ff33 bg=#020a02}                    {/}{fg=#66ff66 bg=#020a02}████{/}{fg=#33ff33 bg=#020a02}  {/}{fg=#aaffaa bg=#020a02}██{/}{fg=#33ff33 bg=#020a02}  {/}{fg=#66ff66 bg=#020a02}████{/}{fg=#33ff33 bg=#020a02}                    {/}{fg=#0f3f0f bg=#020a02}│{/}{bg=#020a02}                      {/}
{bg=#020a02}                      {/}{fg=#0f3f0f bg=#020a02}│{/}{fg=#33ff33 bg=#020a02}                    {/}{fg=#66ff66 bg=#020a02}██{/}{fg=#33ff33 bg=#020a02}          {/}{fg=#66ff66 bg=#020a02}██{/}{fg=#33ff33 bg=#020a02}                    {/}{fg=#0f3f0f bg=#020a02}│{/}{bg=#020a02}                      {/}
{bg=#020a02}                      {/}{fg=#0f3f0f bg=#020a02}│{/}{fg=#33ff33 bg=#020a02}                                                      {/}{fg=#0f3f0f bg=#020a02}│{/}{bg=#020a02}                      {/}
{bg=#020a02}                      {/}{fg=#0f3f0f bg=#020a02}│{/}{fg=#33ff33 bg=#020a02}  no tasks yet — let's get started                    {/}{fg=#0f3f0f bg=#020a02}│{/}{bg=#020a02}                      {/}
{bg=#020a02}                      {/}{fg=#0f3f0f bg=#020a02}│{/}{fg=#33ff33 bg=#020a02}                                                      {/}{fg=#0f3f0f bg=#020a02}│{/}{bg=#020a02}                      {/}
{bg=#020a02}                      {/}{fg=#0f3f0f bg=#020a02}│{/}{fg=#33ff33 bg=#020a02}   {/}{fg=#2adf2a bg=#020a02 mod=bold}n   {/}{fg=#33ff33 bg=#020a02}add a task                                     {/}{fg=#0f3f0f bg=#020a02}│{/}{bg=#020a02}                      {/}
{bg=#020a02}                      {/}{fg=#0f3f0f bg=#020a02}│{/}{fg=#33ff33 bg=#020a02}   {/}{fg=#2adf2a bg=#020a02 mod=bold}?   {/}{fg=#33ff33 bg=#020a02}show all keybindings                           {/}{fg=#0f3f0f bg=#020a02}│{/}{bg=#020a02}                      {/}
{bg=#020a02}                      {/}{fg=#0f3f0f bg=#020a02}│{/}{fg=#33ff33 bg=#020a02}   {/}{fg=#2adf2a bg=#020a02 mod=bold},   {/}{fg=#33ff33 bg=#020a02}settings                                       {/}{fg=#0f3f0f bg=#020a02}│{/}{bg=#020a02}                      {/}
{bg=#020a02}                      {/}{fg=#0f3f0f bg=#020a02}│{/}{fg=#33ff33 bg=#020a02}   {/}{fg=#2adf2a bg=#020a02 mod=bold}q   {/}{fg=#33ff33 bg=#020a02}quit                                           {/}{fg=#0f3f0f bg=#020a02}│{/}{bg=#020a02}                      {/}
{bg=#020a02}                      {/}{fg=#0f3f0f bg=#020a02}│{/}{fg=#33ff33 bg=#020a02}                                                      {/}{fg=#0f3f0f bg=#020a02}│{/}{bg=#020a02}                      {/}
{bg=#020a02}                      {/}{fg=#0f3f0f bg=#020a02}│{/}{fg=#33ff33 bg=#020a02}   {/}{fg=#1d8f1d bg=#020a02}format: {/}{fg=#aaffaa bg=#020a02 mod=bold}(A) {/}{fg=#33ff33 bg=#020a02}Buy milk {/}{fg=#66ff66 bg=#020a02}+shop {/}{fg=#2adf2a bg=#020a02}@home {/}{fg=#77ff77 bg=#020a02}due:2026-05-12{/}{fg=#33ff33 bg=#020a02}    {/}{fg=#0f3f0f bg=#020a02}│{/}{bg=#020a02}                      {/}
{bg=#020a02}                      {/}{fg=#0f3f0f bg=#020a02}└──────────────────────────────────────────────────────┘{/}{bg=#020a02}                      {/}
{bg=#020a02}                                                                                                    {/}
{bg=#020a02}                                                                                                    {/}
{bg=#020a02}                                                                                                    {/}
{bg=#020a02}                                                                                                    {/}
{bg=#020a02}                                                                                                    {/}
{bg=#020a02}                                                                                                    {/}
{bg=#020a02}                                                                                                    {/}
{fg=#020a02 bg=#33ff33 mod=bold} NORMAL {/}{bg=#041204}  {/}{fg=#33ff33 bg=#041204}j/k · n new · r reschedule · x done · / searc{/}{fg=#1d8f1d bg=#041204}0 open · 2026-05-06 · tuxedo 2026.7.1-prumo2 {/}
