---
source: tests/snapshots.rs
expression: buffer_to_text(&buf)
---
 FILTERS                   ▶▮◀ /tmp/tuxedo-snapshot.txt  •  15 tas DETAIL                           
                                                                                                    
 PROJECTS                  (2)  PRIORITY A  ────────────────────── priority  (A)                    
   +work             4      1 ▸ (A) Finish Q2 board deck +work @la created   2026-05-01             
   +health           3      2   (A) Call dentist to reschedule cle due       2026-05-06  today      
   +finance          2     (3)  PRIORITY B  ────────────────────── projects  +work                  
   +home            ┌ tuxedo · command ────────────────────────────────────────┐ptop                
   +learning        │ > arch█  4 matches                                       │                    
   +personal        │──────────────────────────────────────────────────────────│                    
   +travel          │ ▶ archive completed tasks                              A │                    
                    │   toggle archive view                                  a │                    
 CONTEXTS           │   fuzzy search                                         / │                    
   @errands         │   save search as filter                               fs │                    
   @home            │                                                          │                    
   @laptop          │                                                          │                    
   @phone           │                                                          │                    
                    │                                                          │                    
                    │                                                          │                    
                    │                                                          │                    
                    │                                                          │                    
                    │                                                          │                    
                    │                                                          │                    
                    │                                                          │                    
                    │                                                          │                    
                    │  ↑↓ / Ctrl-N/P navigate · Enter run · Esc cancel         │                    
                    └──────────────────────────────────────────────────────────┘                    
                                                                                                    
                                                                                                    
                                                                                                    
                                                                                                    
                                                                                                    
 COMMAND   type to filter · Enter run · Esc cancel    15 open · 2026-05-06 · tuxedo 2026.7.1-prumo2
