---
source: tests/snapshots.rs
expression: buffer_to_styled(&buf)
---
{bg=#041204} {/}{fg=#66ff66 bg=#041204}▶{/}{fg=#aaffaa bg=#041204}▮{/}{fg=#66ff66 bg=#041204}◀{/}{bg=#041204} {/}{fg=#33ff33 bg=#041204 mod=bold}settings{/}{fg=#1d8f1d bg=#041204}  •  19 tasks  •  {/}{fg=#66ff66 bg=#041204}sort:priority{/}{bg=#041204}                                                        {/}
{bg=#020a02}                                                                                                    {/}
{fg=#33ff33 bg=#020a02} {/}{fg=#66ff66 bg=#020a02 mod=bold}FILES{/}{fg=#33ff33 bg=#020a02}                                                                                              {/}
{fg=#33ff33 bg=#020a02}   todo file                   {/}{fg=#1d8f1d bg=#020a02}/tmp/tuxedo-snapshot.txt{/}{fg=#33ff33 bg=#020a02}                                             {/}
{fg=#33ff33 bg=#020a02}   config file                 {/}{fg=#1d8f1d bg=#020a02}/tmp/tuxedo-snapshot.toml{/}{fg=#33ff33 bg=#020a02}                                            {/}
{fg=#33ff33 bg=#020a02}                                                                                                    {/}
{fg=#33ff33 bg=#020a02} {/}{fg=#66ff66 bg=#020a02 mod=bold}DISPLAY{/}{fg=#33ff33 bg=#020a02}                                                                                            {/}
{fg=#33ff33 bg=#020a02}   theme                       {/}{fg=#1d8f1d bg=#020a02}Phosphor Green ▾  (T to cycle){/}{fg=#33ff33 bg=#020a02}                                       {/}
{fg=#33ff33 bg=#020a02}   density                     {/}{fg=#1d8f1d bg=#020a02}compact ▾  (D to cycle){/}{fg=#33ff33 bg=#020a02}                                              {/}
{fg=#33ff33 bg=#020a02}   line numbers                {/}{fg=#1d8f1d bg=#020a02}on  (L to toggle){/}{fg=#33ff33 bg=#020a02}                                                    {/}
{fg=#33ff33 bg=#020a02}   status bar                  {/}{fg=#1d8f1d bg=#020a02}on{/}{fg=#33ff33 bg=#020a02}                                                                   {/}
{fg=#33ff33 bg=#020a02}   filter sidebar              {/}{fg=#1d8f1d bg=#020a02}on  ([ to toggle){/}{fg=#33ff33 bg=#020a02}                                                    {/}
{fg=#33ff33 bg=#020a02}   detail sidebar              {/}{fg=#1d8f1d bg=#020a02}on  (] to toggle){/}{fg=#33ff33 bg=#020a02}                                                    {/}
{fg=#33ff33 bg=#020a02}   show done in list           {/}{fg=#1d8f1d bg=#020a02}off  (H to toggle){/}{fg=#33ff33 bg=#020a02}                                                   {/}
{fg=#33ff33 bg=#020a02}   show future in list         {/}{fg=#1d8f1d bg=#020a02}off  (F to toggle){/}{fg=#33ff33 bg=#020a02}                                                   {/}
{fg=#33ff33 bg=#020a02}                                                                                                    {/}
{fg=#33ff33 bg=#020a02} {/}{fg=#66ff66 bg=#020a02 mod=bold}BEHAVIOR{/}{fg=#33ff33 bg=#020a02}                                                                                           {/}
{fg=#33ff33 bg=#020a02}   default sort                {/}{fg=#1d8f1d bg=#020a02}priority (s to cycle){/}{fg=#33ff33 bg=#020a02}                                                {/}
{fg=#33ff33 bg=#020a02}                                                                                                    {/}
{fg=#33ff33 bg=#020a02} {/}{fg=#66ff66 bg=#020a02 mod=bold}KEYBINDINGS{/}{fg=#33ff33 bg=#020a02}                                                                                        {/}
{fg=#33ff33 bg=#020a02}                               {/}{fg=#1d8f1d bg=#020a02}press ? for the full list{/}{fg=#33ff33 bg=#020a02}                                            {/}
{fg=#33ff33 bg=#020a02}                                                                                                    {/}
{fg=#33ff33 bg=#020a02}                                                                                                    {/}
{fg=#33ff33 bg=#020a02}                                                                                                    {/}
{fg=#33ff33 bg=#020a02}                                                                                                    {/}
{fg=#33ff33 bg=#020a02}                                                                                                    {/}
{fg=#33ff33 bg=#020a02}                                                                                                    {/}
{fg=#33ff33 bg=#020a02}                                                                                                    {/}
{fg=#33ff33 bg=#020a02}                                                                                                    {/}
{fg=#33ff33 bg=#020a02}                                                                                                    {/}
{fg=#33ff33 bg=#020a02}                                                                                                    {/}
{fg=#020a02 bg=#33ff33 mod=bold} SETTINGS {/}{bg=#041204}  {/}{fg=#33ff33 bg=#041204}Esc back{/}{bg=#041204}                                  {/}{fg=#1d8f1d bg=#041204}15 open · 2026-05-06 · tuxedo 2026.7.1-prumo2 {/}
