---
source: tests/snapshots.rs
expression: buffer_to_styled(&buf)
---
{fg=#1d8f1d bg=#041204 mod=bold} FILTERS{/}{fg=#33ff33 bg=#041204}                  {/}{bg=#041204} {/}{fg=#66ff66 bg=#041204}▶{/}{fg=#aaffaa bg=#041204}▮{/}{fg=#66ff66 bg=#041204}◀{/}{bg=#041204} {/}{fg=#33ff33 bg=#041204 mod=bold}/tmp/tuxedo-snapshot-detail/todo.tx{/}{fg=#1d8f1d bg=#041204 mod=bold} DETAIL{/}{fg=#33ff33 bg=#041204}                           {/}
{fg=#33ff33 bg=#041204}                          {/}{bg=#020a02}                                        {/}{fg=#33ff33 bg=#041204}                                  {/}
{fg=#66ff66 bg=#041204 mod=bold} PROJECTS{/}{fg=#33ff33 bg=#041204}                 {/}{fg=#33ff33 bg=#020a02} {/}{fg=#1d8f1d bg=#020a02}(1){/}{fg=#33ff33 bg=#020a02}  {/}{fg=#1d8f1d bg=#020a02 mod=bold}NO PRIORITY{/}{fg=#33ff33 bg=#020a02}  {/}{fg=#0f3f0f bg=#020a02}─────────────────────{/}{fg=#1d8f1d bg=#041204} priority  {/}{fg=#33ff33 bg=#041204}                       {/}
{fg=#33ff33 bg=#041204} {/}{fg=#66ff66 bg=#041204}  +client         {/}{fg=#1d8f1d bg=#041204}  1{/}{fg=#33ff33 bg=#041204}    {/}{fg=#020a02 bg=#33ff33}  1 {/}{fg=#020a02 bg=#33ff33 mod=bold}▸ {/}{fg=#020a02 bg=#33ff33}    Prepare client call +client no{/}{fg=#1d8f1d bg=#041204} created   {/}{fg=#33ff33 bg=#041204}—                      {/}
{fg=#33ff33 bg=#041204}                          {/}{fg=#33ff33 bg=#020a02}                                        {/}{fg=#1d8f1d bg=#041204} projects  {/}{fg=#66ff66 bg=#041204}+client{/}{fg=#33ff33 bg=#041204}                {/}
{fg=#2adf2a bg=#041204 mod=bold} CONTEXTS{/}{fg=#33ff33 bg=#041204}                 {/}{fg=#33ff33 bg=#020a02}                                        {/}{fg=#1d8f1d bg=#041204} contexts  {/}{fg=#33ff33 bg=#041204}                       {/}
{fg=#33ff33 bg=#041204}   {/}{fg=#1d8f1d bg=#041204}tag with {/}{fg=#2adf2a bg=#041204}@context{/}{fg=#33ff33 bg=#041204}      {/}{fg=#33ff33 bg=#020a02}                                        {/}{fg=#33ff33 bg=#041204}                                  {/}
{fg=#33ff33 bg=#041204}                          {/}{fg=#33ff33 bg=#020a02}                                        {/}{fg=#1d8f1d bg=#041204 mod=bold} NOTE{/}{fg=#33ff33 bg=#041204}                             {/}
{fg=#33ff33 bg=#041204}                          {/}{fg=#33ff33 bg=#020a02}                                        {/}{fg=#33ff33 bg=#041204} {/}{fg=#ffb000 bg=#041204}░░░░░░░░░░░░░░░░░░░░ 0/1{/}{fg=#33ff33 bg=#041204}         {/}
{fg=#33ff33 bg=#041204}                          {/}{fg=#33ff33 bg=#020a02}                                        {/}{fg=#33ff33 bg=#041204} {/}{fg=#66ff66 bg=#041204 mod=bold}# Briefing{/}{fg=#33ff33 bg=#041204}                       {/}
{fg=#33ff33 bg=#041204}                          {/}{fg=#33ff33 bg=#020a02}                                        {/}{fg=#33ff33 bg=#041204}                                  {/}
{fg=#33ff33 bg=#041204}                          {/}{fg=#33ff33 bg=#020a02}                                        {/}{fg=#33ff33 bg=#041204} Context for the client call.     {/}
{fg=#33ff33 bg=#041204}                          {/}{fg=#33ff33 bg=#020a02}                                        {/}{fg=#33ff33 bg=#041204}                                  {/}
{fg=#33ff33 bg=#041204}                          {/}{fg=#33ff33 bg=#020a02}                                        {/}{fg=#33ff33 bg=#041204} {/}{fg=#66ff66 bg=#041204}-{/}{fg=#33ff33 bg=#041204} [ ] send agenda                {/}
{fg=#33ff33 bg=#041204}                          {/}{fg=#33ff33 bg=#020a02}                                        {/}{fg=#33ff33 bg=#041204} {/}{fg=#1d8f1d bg=#041204 mod=italic}> keep it short{/}{fg=#33ff33 bg=#041204}                  {/}
{fg=#33ff33 bg=#041204}                          {/}{fg=#33ff33 bg=#020a02}                                        {/}{fg=#33ff33 bg=#041204}                                  {/}
{fg=#33ff33 bg=#041204}                          {/}{fg=#33ff33 bg=#020a02}                                        {/}{fg=#1d8f1d bg=#041204 mod=bold} FILES{/}{fg=#33ff33 bg=#041204}                            {/}
{fg=#33ff33 bg=#041204}                          {/}{fg=#33ff33 bg=#020a02}                                        {/}{fg=#33ff33 bg=#041204} {/}{fg=#66ff66 bg=#041204 mod=underlined}spec.pdf{/}{fg=#33ff33 bg=#041204}                         {/}
{fg=#33ff33 bg=#041204}                          {/}{fg=#33ff33 bg=#020a02}                                        {/}{fg=#33ff33 bg=#041204}                                  {/}
{fg=#33ff33 bg=#041204}                          {/}{fg=#33ff33 bg=#020a02}                                        {/}{fg=#33ff33 bg=#041204}                                  {/}
{fg=#33ff33 bg=#041204}                          {/}{fg=#33ff33 bg=#020a02}                                        {/}{fg=#33ff33 bg=#041204}                                  {/}
{fg=#33ff33 bg=#041204}                          {/}{fg=#33ff33 bg=#020a02}                                        {/}{fg=#33ff33 bg=#041204}                                  {/}
{fg=#33ff33 bg=#041204}                          {/}{fg=#33ff33 bg=#020a02}                                        {/}{fg=#33ff33 bg=#041204}                                  {/}
{fg=#33ff33 bg=#041204}                          {/}{fg=#33ff33 bg=#020a02}                                        {/}{fg=#33ff33 bg=#041204}                                  {/}
{fg=#33ff33 bg=#041204}                          {/}{fg=#33ff33 bg=#020a02}                                        {/}{fg=#33ff33 bg=#041204}                                  {/}
{fg=#33ff33 bg=#041204}                          {/}{fg=#33ff33 bg=#020a02}                                        {/}{fg=#33ff33 bg=#041204}                                  {/}
{fg=#33ff33 bg=#041204}                          {/}{fg=#33ff33 bg=#020a02}                                        {/}{fg=#33ff33 bg=#041204}                                  {/}
{fg=#33ff33 bg=#041204}                          {/}{fg=#33ff33 bg=#020a02}                                        {/}{fg=#33ff33 bg=#041204}                                  {/}
{fg=#33ff33 bg=#041204}                          {/}{fg=#33ff33 bg=#020a02}                                        {/}{fg=#33ff33 bg=#041204}                                  {/}
{fg=#33ff33 bg=#041204}                          {/}{fg=#33ff33 bg=#020a02}                                        {/}{fg=#33ff33 bg=#041204}                                  {/}
{fg=#33ff33 bg=#041204}                          {/}{fg=#33ff33 bg=#020a02}                                        {/}{fg=#33ff33 bg=#041204}                                  {/}
{fg=#020a02 bg=#33ff33 mod=bold} NORMAL {/}{bg=#041204}  {/}{fg=#33ff33 bg=#041204}j/k · n new · r reschedule · x done · / searc{/}{fg=#1d8f1d bg=#041204}1 open · 2026-05-06 · tuxedo 2026.7.1-prumo2 {/}
