---
source: tests/snapshots.rs
expression: buffer_to_styled(&buf)
---
{bg=#041204} {/}{fg=#66ff66 bg=#041204}▶{/}{fg=#aaffaa bg=#041204}▮{/}{fg=#66ff66 bg=#041204}◀{/}{bg=#041204} {/}{fg=#33ff33 bg=#041204 mod=bold}/tmp/tuxedo-snapshot.txt{/}{fg=#1d8f1d bg=#041204}  •  15 tasks  •  {/}{fg=#66ff66 bg=#041204}sort:priority{/}{bg=#041204}                                        {/}
{bg=#020a02}                                                                                                    {/}
{fg=#33ff33 bg=#020a02} {/}{fg=#1d8f1d bg=#020a02}(2){/}{fg=#33ff33 bg=#020a02}  {/}{fg=#aaffaa bg=#020a02 mod=bold}PRIORITY A{/}{fg=#33ff33 bg=#020a02}  {/}{fg=#0f3f0f bg=#020a02}─────────────────────────────────────────────────────────────────────{/}{fg=#33ff33 bg=#020a02}             {/}
{fg=#020a02 bg=#33ff33}  1 {/}{fg=#020a02 bg=#33ff33 mod=bold}▸ (A) {/}{fg=#020a02 bg=#33ff33}Finish Q2 board deck +work @laptop {/}{fg=#020a02 bg=#33ff33 mod=bold}due:2026-05-06{/}{fg=#33ff33 bg=#020a02}                                         {/}
{fg=#1d8f1d bg=#020a02}  2 {/}{fg=#66ff66 bg=#020a02}  {/}{fg=#aaffaa bg=#020a02 mod=bold}(A) {/}{fg=#33ff33 bg=#020a02}Call dentist to reschedule cleaning {/}{fg=#2adf2a bg=#020a02}@phone{/}{fg=#33ff33 bg=#020a02} {/}{fg=#66ff66 bg=#020a02}+health{/}{fg=#33ff33 bg=#020a02} {/}{fg=#77ff77 bg=#020a02}due:2026-05-08{/}{fg=#33ff33 bg=#020a02}                         {/}
{fg=#33ff33 bg=#020a02} {/}{fg=#1d8f1d bg=#020a02}(3){/}{fg=#33ff33 bg=#020a02}  {/}{fg=#77ff77 bg=#020a02 mod=bold}PRIORITY B{/}{fg=#33ff33 bg=#020a02}  {/}{fg=#0f3f0f bg=#020a02}─────────────────────────────────────────────────────────────────────{/}{fg=#33ff33 bg=#020a02}             {/}
{fg=#1d8f1d bg=#020a02}  3 {/}{fg=#66ff66 bg=#020a02}  {/}{fg=#77ff77 bg=#020a02 mod=bold}(B) {/}{fg=#33ff33 bg=#020a02}Review pull requests for auth refactor {/}{fg=#66ff66 bg=#020a02}+work{/}{fg=#33ff33 bg=#020a02} {/}{fg=#2adf2a bg=#020a02}@laptop{/}{fg=#33ff33 bg=#020a02} {/}{fg=#77ff77 bg=#020a02}due:2026-05-07{/}{fg=#33ff33 bg=#020a02}                       {/}
{fg=#1d8f1d bg=#020a02}  4 {/}{fg=#66ff66 bg=#020a02}  {/}{fg=#77ff77 bg=#020a02 mod=bold}(B) {/}{fg=#33ff33 bg=#020a02}Renew passport before summer trip {/}{fg=#66ff66 bg=#020a02}+travel{/}{fg=#33ff33 bg=#020a02} {/}{fg=#2adf2a bg=#020a02}@errands{/}{fg=#33ff33 bg=#020a02} {/}{fg=#1d8f1d bg=#020a02}due:2026-05-20{/}{fg=#33ff33 bg=#020a02}                         {/}
{fg=#1d8f1d bg=#020a02}  5 {/}{fg=#66ff66 bg=#020a02}  {/}{fg=#77ff77 bg=#020a02 mod=bold}(B) {/}{fg=#33ff33 bg=#020a02}Draft hiring rubric for senior eng {/}{fg=#66ff66 bg=#020a02}+work{/}{fg=#33ff33 bg=#020a02} {/}{fg=#2adf2a bg=#020a02}@laptop{/}{fg=#33ff33 bg=#020a02}                                          {/}
{fg=#33ff33 bg=#020a02} {/}{fg=#1d8f1d bg=#020a02}(2){/}{fg=#33ff33 bg=#020a02}  {/}{fg=#44ff44 bg=#020a02 mod=bold}PRIORITY C{/}{fg=#33ff33 bg=#020a02}  {/}{fg=#0f3f0f bg=#020a02}─────────────────────────────────────────────────────────────────────{/}{fg=#33ff33 bg=#020a02}             {/}
{fg=#1d8f1d bg=#020a02}  6 {/}{fg=#66ff66 bg=#020a02}  {/}{fg=#44ff44 bg=#020a02 mod=bold}(C) {/}{fg=#33ff33 bg=#020a02}Pay quarterly estimated taxes {/}{fg=#2adf2a bg=#020a02}@home{/}{fg=#33ff33 bg=#020a02} {/}{fg=#66ff66 bg=#020a02}+finance{/}{fg=#33ff33 bg=#020a02} {/}{fg=#1d8f1d bg=#020a02}due:2026-06-15{/}{fg=#33ff33 bg=#020a02}                               {/}
{fg=#1d8f1d bg=#020a02}  7 {/}{fg=#66ff66 bg=#020a02}  {/}{fg=#44ff44 bg=#020a02 mod=bold}(C) {/}{fg=#33ff33 bg=#020a02}Order new running shoes {/}{fg=#66ff66 bg=#020a02}+health{/}{fg=#33ff33 bg=#020a02} {/}{fg=#2adf2a bg=#020a02}@errands{/}{fg=#33ff33 bg=#020a02}                                                  {/}
{fg=#33ff33 bg=#020a02} {/}{fg=#1d8f1d bg=#020a02}(8){/}{fg=#33ff33 bg=#020a02}  {/}{fg=#1d8f1d bg=#020a02 mod=bold}NO PRIORITY{/}{fg=#33ff33 bg=#020a02}  {/}{fg=#0f3f0f bg=#020a02}────────────────────────────────────────────────────────────────────{/}{fg=#33ff33 bg=#020a02}             {/}
{fg=#1d8f1d bg=#020a02}  8 {/}{fg=#66ff66 bg=#020a02}  {/}{fg=#33ff33 bg=#020a02}    Migrate analytics to new pipeline {/}{fg=#66ff66 bg=#020a02}+work{/}{fg=#33ff33 bg=#020a02} {/}{fg=#2adf2a bg=#020a02}@laptop{/}{fg=#33ff33 bg=#020a02} {/}{fg=#1d8f1d bg=#020a02}due:2026-05-15{/}{fg=#33ff33 bg=#020a02}                            {/}
{fg=#1d8f1d bg=#020a02}  9 {/}{fg=#66ff66 bg=#020a02}  {/}{fg=#33ff33 bg=#020a02}    Pay rent {/}{fg=#1d8f1d bg=#020a02}due:2026-05-15{/}{fg=#33ff33 bg=#020a02} {/}{fg=#1d8f1d bg=#020a02}rec:+1m{/}{fg=#33ff33 bg=#020a02} {/}{fg=#66ff66 bg=#020a02}+finance{/}{fg=#33ff33 bg=#020a02} {/}{fg=#2adf2a bg=#020a02}@home{/}{fg=#33ff33 bg=#020a02}                                            {/}
{fg=#1d8f1d bg=#020a02} 10 {/}{fg=#66ff66 bg=#020a02}  {/}{fg=#33ff33 bg=#020a02}    Pick up dry cleaning {/}{fg=#2adf2a bg=#020a02}@errands{/}{fg=#33ff33 bg=#020a02}                                                             {/}
{fg=#1d8f1d bg=#020a02} 11 {/}{fg=#66ff66 bg=#020a02}  {/}{fg=#33ff33 bg=#020a02}    Schedule annual physical {/}{fg=#2adf2a bg=#020a02}@phone{/}{fg=#33ff33 bg=#020a02} {/}{fg=#66ff66 bg=#020a02}+health{/}{fg=#33ff33 bg=#020a02}                                                   {/}
{fg=#1d8f1d bg=#020a02} 12 {/}{fg=#66ff66 bg=#020a02}  {/}{fg=#33ff33 bg=#020a02}    Read "Designing Data-Intensive Applications" ch. 4 {/}{fg=#66ff66 bg=#020a02}+learning{/}{fg=#33ff33 bg=#020a02} {/}{fg=#2adf2a bg=#020a02}@home{/}{fg=#33ff33 bg=#020a02}                        {/}
{fg=#1d8f1d bg=#020a02} 13 {/}{fg=#66ff66 bg=#020a02}  {/}{fg=#33ff33 bg=#020a02}    Send thank-you note to mentor {/}{fg=#2adf2a bg=#020a02}@home{/}{fg=#33ff33 bg=#020a02}                                                       {/}
{fg=#1d8f1d bg=#020a02} 14 {/}{fg=#66ff66 bg=#020a02}  {/}{fg=#33ff33 bg=#020a02}    Plan Saturday hike with K. {/}{fg=#2adf2a bg=#020a02}@phone{/}{fg=#33ff33 bg=#020a02} {/}{fg=#66ff66 bg=#020a02}+personal{/}{fg=#33ff33 bg=#020a02}                                               {/}
{fg=#1d8f1d bg=#020a02} 15 {/}{fg=#66ff66 bg=#020a02}  {/}{fg=#33ff33 bg=#020a02}    Replace bathroom faucet washer {/}{fg=#66ff66 bg=#020a02}+home{/}{fg=#33ff33 bg=#020a02} {/}{fg=#2adf2a bg=#020a02}@errands{/}{fg=#33ff33 bg=#020a02}                                             {/}
{fg=#33ff33 bg=#020a02}                                                                                                    {/}
{fg=#33ff33 bg=#020a02}                                                                                                    {/}
{fg=#33ff33 bg=#020a02}                                                                                                    {/}
{fg=#33ff33 bg=#020a02}                                                                                                    {/}
{fg=#33ff33 bg=#020a02}                                                                                                    {/}
{fg=#33ff33 bg=#020a02}                                                                                                    {/}
{fg=#33ff33 bg=#020a02}                                                                                                    {/}
{fg=#33ff33 bg=#020a02}                                                                                                    {/}
{fg=#33ff33 bg=#020a02}                                                                                                    {/}
{fg=#33ff33 bg=#020a02}                                                                                                    {/}
{fg=#020a02 bg=#33ff33 mod=bold} NORMAL {/}{bg=#041204}  {/}{fg=#33ff33 bg=#041204}j/k · n new · r reschedule · x done · / sear{/}{fg=#1d8f1d bg=#041204}15 open · 2026-05-06 · tuxedo 2026.7.1-prumo2 {/}
