---
source: tests/snapshots.rs
expression: buffer_to_styled(&buf)
---
{fg=#1d8f1d bg=#041204 mod=bold} FILTERS{/}{fg=#33ff33 bg=#041204}                  {/}{bg=#041204} {/}{fg=#66ff66 bg=#041204}▶{/}{fg=#aaffaa bg=#041204}▮{/}{fg=#66ff66 bg=#041204}◀{/}{bg=#041204} {/}{fg=#33ff33 bg=#041204 mod=bold}/tmp/tuxedo-snapshot.txt{/}{fg=#1d8f1d bg=#041204}  •  15 tas{/}{fg=#1d8f1d bg=#041204 mod=bold} DETAIL{/}{fg=#33ff33 bg=#041204}                           {/}
{fg=#33ff33 bg=#041204}     {/}{fg=#0f3f0f bg=#041204}┌ {/}{fg=#66ff66 bg=#041204 mod=bold}tuxedo{/}{fg=#1d8f1d bg=#041204} · help {/}{fg=#0f3f0f bg=#041204}─────────────────────────────────────────────────────────────────────────┐{/}{fg=#33ff33 bg=#041204}     {/}
{fg=#66ff66 bg=#041204 mod=bold} PROJ{/}{fg=#0f3f0f bg=#041204}│{/}{fg=#33ff33 bg=#041204}  {/}{fg=#66ff66 bg=#041204 mod=bold}NAVIGATION{/}{fg=#33ff33 bg=#041204}                                  {/}{fg=#66ff66 bg=#041204 mod=bold}VIEW{/}{fg=#33ff33 bg=#041204}                                      {/}{fg=#0f3f0f bg=#041204}│{/}{fg=#33ff33 bg=#041204}     {/}
{fg=#33ff33 bg=#041204} {/}{fg=#66ff66 bg=#041204}  +w{/}{fg=#0f3f0f bg=#041204}│{/}{fg=#33ff33 bg=#041204}    {/}{fg=#2adf2a bg=#041204 mod=bold}j / ↓             {/}{fg=#33ff33 bg=#041204}next task                 {/}{fg=#2adf2a bg=#041204 mod=bold}/                 {/}{fg=#33ff33 bg=#041204}fuzzy search          {/}{fg=#0f3f0f bg=#041204}│{/}{fg=#33ff33 bg=#041204}     {/}
{fg=#33ff33 bg=#041204} {/}{fg=#66ff66 bg=#041204}  +h{/}{fg=#0f3f0f bg=#041204}│{/}{fg=#33ff33 bg=#041204}    {/}{fg=#2adf2a bg=#041204 mod=bold}k / ↑             {/}{fg=#33ff33 bg=#041204}previous task             {/}{fg=#2adf2a bg=#041204 mod=bold}fp / fc           {/}{fg=#33ff33 bg=#041204}filter project/context{/}{fg=#0f3f0f bg=#041204}│{/}{fg=#33ff33 bg=#041204}     {/}
{fg=#33ff33 bg=#041204} {/}{fg=#66ff66 bg=#041204}  +f{/}{fg=#0f3f0f bg=#041204}│{/}{fg=#33ff33 bg=#041204}    {/}{fg=#2adf2a bg=#041204 mod=bold}gg                {/}{fg=#33ff33 bg=#041204}first task                {/}{fg=#2adf2a bg=#041204 mod=bold}ff / fs           {/}{fg=#33ff33 bg=#041204}saved filter pick/save{/}{fg=#0f3f0f bg=#041204}│{/}{fg=#33ff33 bg=#041204}     {/}
{fg=#33ff33 bg=#041204} {/}{fg=#66ff66 bg=#041204}  +h{/}{fg=#0f3f0f bg=#041204}│{/}{fg=#33ff33 bg=#041204}    {/}{fg=#2adf2a bg=#041204 mod=bold}G                 {/}{fg=#33ff33 bg=#041204}last task                 {/}{fg=#2adf2a bg=#041204 mod=bold}S                 {/}{fg=#33ff33 bg=#041204}cycle sort            {/}{fg=#0f3f0f bg=#041204}│{/}{fg=#33ff33 bg=#041204}     {/}
{fg=#33ff33 bg=#041204} {/}{fg=#66ff66 bg=#041204}  +l{/}{fg=#0f3f0f bg=#041204}│{/}{fg=#33ff33 bg=#041204}    {/}{fg=#2adf2a bg=#041204 mod=bold}Ctrl-d / Ctrl-u   {/}{fg=#33ff33 bg=#041204}page down / up            {/}{fg=#2adf2a bg=#041204 mod=bold}v                 {/}{fg=#33ff33 bg=#041204}visual / multi-select {/}{fg=#0f3f0f bg=#041204}│{/}{fg=#33ff33 bg=#041204}     {/}
{fg=#33ff33 bg=#041204} {/}{fg=#66ff66 bg=#041204}  +p{/}{fg=#0f3f0f bg=#041204}│{/}{fg=#33ff33 bg=#041204}                                                {/}{fg=#2adf2a bg=#041204 mod=bold}l                 {/}{fg=#33ff33 bg=#041204}list view             {/}{fg=#0f3f0f bg=#041204}│{/}{fg=#33ff33 bg=#041204}     {/}
{fg=#33ff33 bg=#041204} {/}{fg=#66ff66 bg=#041204}  +t{/}{fg=#0f3f0f bg=#041204}│{/}{fg=#33ff33 bg=#041204}  {/}{fg=#66ff66 bg=#041204 mod=bold}EDITING{/}{fg=#33ff33 bg=#041204}                                       {/}{fg=#2adf2a bg=#041204 mod=bold}a                 {/}{fg=#33ff33 bg=#041204}archive view          {/}{fg=#0f3f0f bg=#041204}│{/}{fg=#33ff33 bg=#041204}     {/}
{fg=#33ff33 bg=#041204}     {/}{fg=#0f3f0f bg=#041204}│{/}{fg=#33ff33 bg=#041204}    {/}{fg=#2adf2a bg=#041204 mod=bold}n                 {/}{fg=#33ff33 bg=#041204}new task                  {/}{fg=#2adf2a bg=#041204 mod=bold}A                 {/}{fg=#33ff33 bg=#041204}archive completed     {/}{fg=#0f3f0f bg=#041204}│{/}{fg=#33ff33 bg=#041204}     {/}
{fg=#2adf2a bg=#041204 mod=bold} CONT{/}{fg=#0f3f0f bg=#041204}│{/}{fg=#33ff33 bg=#041204}    {/}{fg=#2adf2a bg=#041204 mod=bold}e                 {/}{fg=#33ff33 bg=#041204}edit line (normal)        {/}{fg=#2adf2a bg=#041204 mod=bold}H                 {/}{fg=#33ff33 bg=#041204}show done in list     {/}{fg=#0f3f0f bg=#041204}│{/}{fg=#33ff33 bg=#041204}     {/}
{fg=#33ff33 bg=#041204} {/}{fg=#66ff66 bg=#041204}  {/}{fg=#2adf2a bg=#041204}@e{/}{fg=#0f3f0f bg=#041204}│{/}{fg=#33ff33 bg=#041204}    {/}{fg=#2adf2a bg=#041204 mod=bold}i                 {/}{fg=#33ff33 bg=#041204}edit line (insert)        {/}{fg=#2adf2a bg=#041204 mod=bold}F                 {/}{fg=#33ff33 bg=#041204}show future in list   {/}{fg=#0f3f0f bg=#041204}│{/}{fg=#33ff33 bg=#041204}     {/}
{fg=#33ff33 bg=#041204} {/}{fg=#66ff66 bg=#041204}  {/}{fg=#2adf2a bg=#041204}@h{/}{fg=#0f3f0f bg=#041204}│{/}{fg=#33ff33 bg=#041204}    {/}{fg=#2adf2a bg=#041204 mod=bold}r                 {/}{fg=#33ff33 bg=#041204}reschedule task           {/}{fg=#2adf2a bg=#041204 mod=bold}[ / ]             {/}{fg=#33ff33 bg=#041204}toggle filter / detail{/}{fg=#0f3f0f bg=#041204}│{/}{fg=#33ff33 bg=#041204}     {/}
{fg=#33ff33 bg=#041204} {/}{fg=#66ff66 bg=#041204}  {/}{fg=#2adf2a bg=#041204}@l{/}{fg=#0f3f0f bg=#041204}│{/}{fg=#33ff33 bg=#041204}    {/}{fg=#2adf2a bg=#041204 mod=bold}x                 {/}{fg=#33ff33 bg=#041204}complete → archive        {/}{fg=#2adf2a bg=#041204 mod=bold}T                 {/}{fg=#33ff33 bg=#041204}cycle theme           {/}{fg=#0f3f0f bg=#041204}│{/}{fg=#33ff33 bg=#041204}     {/}
{fg=#33ff33 bg=#041204} {/}{fg=#66ff66 bg=#041204}  {/}{fg=#2adf2a bg=#041204}@p{/}{fg=#0f3f0f bg=#041204}│{/}{fg=#33ff33 bg=#041204}    {/}{fg=#2adf2a bg=#041204 mod=bold}dd                {/}{fg=#33ff33 bg=#041204}delete task               {/}{fg=#2adf2a bg=#041204 mod=bold}D                 {/}{fg=#33ff33 bg=#041204}cycle density         {/}{fg=#0f3f0f bg=#041204}│{/}{fg=#33ff33 bg=#041204}     {/}
{fg=#33ff33 bg=#041204}     {/}{fg=#0f3f0f bg=#041204}│{/}{fg=#33ff33 bg=#041204}    {/}{fg=#2adf2a bg=#041204 mod=bold}p                 {/}{fg=#33ff33 bg=#041204}cycle priority A→B→C→·    {/}{fg=#2adf2a bg=#041204 mod=bold}L                 {/}{fg=#33ff33 bg=#041204}toggle line numbers   {/}{fg=#0f3f0f bg=#041204}│{/}{fg=#33ff33 bg=#041204}     {/}
{fg=#33ff33 bg=#041204}     {/}{fg=#0f3f0f bg=#041204}│{/}{fg=#33ff33 bg=#041204}    {/}{fg=#2adf2a bg=#041204 mod=bold}c                 {/}{fg=#33ff33 bg=#041204}add/remove context                                                {/}{fg=#0f3f0f bg=#041204}│{/}{fg=#33ff33 bg=#041204}     {/}
{fg=#33ff33 bg=#041204}     {/}{fg=#0f3f0f bg=#041204}│{/}{fg=#33ff33 bg=#041204}    {/}{fg=#2adf2a bg=#041204 mod=bold}+                 {/}{fg=#33ff33 bg=#041204}add project             {/}{fg=#66ff66 bg=#041204 mod=bold}NOTES & FILES{/}{fg=#33ff33 bg=#041204}                             {/}{fg=#0f3f0f bg=#041204}│{/}{fg=#33ff33 bg=#041204}     {/}
{fg=#33ff33 bg=#041204}     {/}{fg=#0f3f0f bg=#041204}│{/}{fg=#33ff33 bg=#041204}    {/}{fg=#2adf2a bg=#041204 mod=bold}yy                {/}{fg=#33ff33 bg=#041204}copy line to clipboard    {/}{fg=#2adf2a bg=#041204 mod=bold}m / N             {/}{fg=#33ff33 bg=#041204}note panel (in-app)   {/}{fg=#0f3f0f bg=#041204}│{/}{fg=#33ff33 bg=#041204}     {/}
{fg=#33ff33 bg=#041204}     {/}{fg=#0f3f0f bg=#041204}│{/}{fg=#33ff33 bg=#041204}    {/}{fg=#2adf2a bg=#041204 mod=bold}yb                {/}{fg=#33ff33 bg=#041204}copy body only            {/}{fg=#2adf2a bg=#041204 mod=bold}  i / Esc         {/}{fg=#33ff33 bg=#041204}panel: write / back·cl{/}{fg=#0f3f0f bg=#041204}│{/}{fg=#33ff33 bg=#041204}     {/}
{fg=#33ff33 bg=#041204}     {/}{fg=#0f3f0f bg=#041204}│{/}{fg=#33ff33 bg=#041204}    {/}{fg=#2adf2a bg=#041204 mod=bold}u                 {/}{fg=#33ff33 bg=#041204}undo                      {/}{fg=#2adf2a bg=#041204 mod=bold}  Shift+arrows    {/}{fg=#33ff33 bg=#041204}panel: select text    {/}{fg=#0f3f0f bg=#041204}│{/}{fg=#33ff33 bg=#041204}     {/}
{fg=#33ff33 bg=#041204}     {/}{fg=#0f3f0f bg=#041204}│{/}{fg=#33ff33 bg=#041204}                                                {/}{fg=#2adf2a bg=#041204 mod=bold}  Del/Backspace   {/}{fg=#33ff33 bg=#041204}panel: delete selectio{/}{fg=#0f3f0f bg=#041204}│{/}{fg=#33ff33 bg=#041204}     {/}
{fg=#33ff33 bg=#041204}     {/}{fg=#0f3f0f bg=#041204}│{/}{fg=#33ff33 bg=#041204}  {/}{fg=#66ff66 bg=#041204 mod=bold}SYSTEM{/}{fg=#33ff33 bg=#041204}                                        {/}{fg=#2adf2a bg=#041204 mod=bold}  Space / n       {/}{fg=#33ff33 bg=#041204}panel: toggle / new su{/}{fg=#0f3f0f bg=#041204}│{/}{fg=#33ff33 bg=#041204}     {/}
{fg=#33ff33 bg=#041204}     {/}{fg=#0f3f0f bg=#041204}│{/}{fg=#33ff33 bg=#041204}    {/}{fg=#2adf2a bg=#041204 mod=bold}: / Ctrl-P        {/}{fg=#33ff33 bg=#041204}command palette           {/}{fg=#2adf2a bg=#041204 mod=bold}  Ctrl-S / o      {/}{fg=#33ff33 bg=#041204}panel: save / $EDITOR {/}{fg=#0f3f0f bg=#041204}│{/}{fg=#33ff33 bg=#041204}     {/}
{fg=#33ff33 bg=#041204}     {/}{fg=#0f3f0f bg=#041204}│{/}{fg=#33ff33 bg=#041204}    {/}{fg=#2adf2a bg=#041204 mod=bold}s                 {/}{fg=#33ff33 bg=#041204}share capture QR          {/}{fg=#2adf2a bg=#041204 mod=bold}o / O             {/}{fg=#33ff33 bg=#041204}open / create note in {/}{fg=#0f3f0f bg=#041204}│{/}{fg=#33ff33 bg=#041204}     {/}
{fg=#33ff33 bg=#041204}     {/}{fg=#0f3f0f bg=#041204}│{/}{fg=#33ff33 bg=#041204}    {/}{fg=#2adf2a bg=#041204 mod=bold}? / ,             {/}{fg=#33ff33 bg=#041204}help / settings           {/}{fg=#2adf2a bg=#041204 mod=bold}t                 {/}{fg=#33ff33 bg=#041204}attach file (drag or p{/}{fg=#0f3f0f bg=#041204}│{/}{fg=#33ff33 bg=#041204}     {/}
{fg=#33ff33 bg=#041204}     {/}{fg=#0f3f0f bg=#041204}│{/}{fg=#33ff33 bg=#041204}    {/}{fg=#2adf2a bg=#041204 mod=bold}q                 {/}{fg=#33ff33 bg=#041204}quit                      {/}{fg=#2adf2a bg=#041204 mod=bold}Enter             {/}{fg=#33ff33 bg=#041204}open attachments      {/}{fg=#0f3f0f bg=#041204}│{/}{fg=#33ff33 bg=#041204}     {/}
{fg=#33ff33 bg=#041204}     {/}{fg=#0f3f0f bg=#041204}│────────────────────────────────────────────────────────────────────────────────────────│{/}{fg=#33ff33 bg=#041204}     {/}
{fg=#33ff33 bg=#041204}     {/}{fg=#0f3f0f bg=#041204}└────────────────────────────────────────────────────────────────────────────────────────┘{/}{fg=#33ff33 bg=#041204}     {/}
{fg=#33ff33 bg=#041204}                          {/}{fg=#33ff33 bg=#020a02}                                        {/}{fg=#33ff33 bg=#041204}                                  {/}
{fg=#020a02 bg=#33ff33 mod=bold} HELP {/}{bg=#041204}  {/}{fg=#33ff33 bg=#041204}? close help{/}{bg=#041204}                                  {/}{fg=#1d8f1d bg=#041204}15 open · 2026-05-06 · tuxedo 2026.7.1-prumo2 {/}
