---
source: tests/snapshots.rs
expression: buffer_to_styled(&buf)
---
{fg=#1d8f1d bg=#041204 mod=bold} FILTERS{/}{fg=#33ff33 bg=#041204}                  {/}{bg=#041204} {/}{fg=#66ff66 bg=#041204}▶{/}{fg=#aaffaa bg=#041204}▮{/}{fg=#66ff66 bg=#041204}◀{/}{bg=#041204} {/}{fg=#33ff33 bg=#041204 mod=bold}done.txt{/}{fg=#1d8f1d bg=#041204}  •  0 tasks  •  {/}{fg=#66ff66 bg=#041204}sort:compl{/}{fg=#1d8f1d bg=#041204 mod=bold} DETAIL{/}{fg=#33ff33 bg=#041204}                           {/}
{fg=#33ff33 bg=#041204}                          {/}{bg=#020a02}                                        {/}{fg=#33ff33 bg=#041204}                                  {/}
{fg=#66ff66 bg=#041204 mod=bold} PROJECTS{/}{fg=#33ff33 bg=#041204}                 {/}{fg=#1d8f1d bg=#020a02}   no completed tasks yet{/}{fg=#33ff33 bg=#020a02}               {/}{fg=#1d8f1d bg=#041204} (no task){/}{fg=#33ff33 bg=#041204}                        {/}
{fg=#33ff33 bg=#041204} {/}{fg=#66ff66 bg=#041204}  +work           {/}{fg=#1d8f1d bg=#041204}  4{/}{fg=#33ff33 bg=#041204}    {/}{fg=#33ff33 bg=#020a02}                                        {/}{fg=#33ff33 bg=#041204}                                  {/}
{fg=#33ff33 bg=#041204} {/}{fg=#66ff66 bg=#041204}  +health         {/}{fg=#1d8f1d bg=#041204}  3{/}{fg=#33ff33 bg=#041204}    {/}{fg=#33ff33 bg=#020a02}                                        {/}{fg=#33ff33 bg=#041204}                                  {/}
{fg=#33ff33 bg=#041204} {/}{fg=#66ff66 bg=#041204}  +finance        {/}{fg=#1d8f1d bg=#041204}  2{/}{fg=#33ff33 bg=#041204}    {/}{fg=#33ff33 bg=#020a02}                                        {/}{fg=#33ff33 bg=#041204}                                  {/}
{fg=#33ff33 bg=#041204} {/}{fg=#66ff66 bg=#041204}  +home           {/}{fg=#1d8f1d bg=#041204}  1{/}{fg=#33ff33 bg=#041204}    {/}{fg=#33ff33 bg=#020a02}                                        {/}{fg=#33ff33 bg=#041204}                                  {/}
{fg=#33ff33 bg=#041204} {/}{fg=#66ff66 bg=#041204}  +learning       {/}{fg=#1d8f1d bg=#041204}  1{/}{fg=#33ff33 bg=#041204}    {/}{fg=#33ff33 bg=#020a02}                                        {/}{fg=#33ff33 bg=#041204}                                  {/}
{fg=#33ff33 bg=#041204} {/}{fg=#66ff66 bg=#041204}  +personal       {/}{fg=#1d8f1d bg=#041204}  1{/}{fg=#33ff33 bg=#041204}    {/}{fg=#33ff33 bg=#020a02}                                        {/}{fg=#33ff33 bg=#041204}                                  {/}
{fg=#33ff33 bg=#041204} {/}{fg=#66ff66 bg=#041204}  +travel         {/}{fg=#1d8f1d bg=#041204}  1{/}{fg=#33ff33 bg=#041204}    {/}{fg=#33ff33 bg=#020a02}                                        {/}{fg=#33ff33 bg=#041204}                                  {/}
{fg=#33ff33 bg=#041204}                          {/}{fg=#33ff33 bg=#020a02}                                        {/}{fg=#33ff33 bg=#041204}                                  {/}
{fg=#2adf2a bg=#041204 mod=bold} CONTEXTS{/}{fg=#33ff33 bg=#041204}                 {/}{fg=#33ff33 bg=#020a02}                                        {/}{fg=#33ff33 bg=#041204}                                  {/}
{fg=#33ff33 bg=#041204} {/}{fg=#66ff66 bg=#041204}  {/}{fg=#2adf2a bg=#041204}@errands        {/}{fg=#1d8f1d bg=#041204}  4{/}{fg=#33ff33 bg=#041204}    {/}{fg=#33ff33 bg=#020a02}                                        {/}{fg=#33ff33 bg=#041204}                                  {/}
{fg=#33ff33 bg=#041204} {/}{fg=#66ff66 bg=#041204}  {/}{fg=#2adf2a bg=#041204}@home           {/}{fg=#1d8f1d bg=#041204}  4{/}{fg=#33ff33 bg=#041204}    {/}{fg=#33ff33 bg=#020a02}                                        {/}{fg=#33ff33 bg=#041204}                                  {/}
{fg=#33ff33 bg=#041204} {/}{fg=#66ff66 bg=#041204}  {/}{fg=#2adf2a bg=#041204}@laptop         {/}{fg=#1d8f1d bg=#041204}  4{/}{fg=#33ff33 bg=#041204}    {/}{fg=#33ff33 bg=#020a02}                                        {/}{fg=#33ff33 bg=#041204}                                  {/}
{fg=#33ff33 bg=#041204} {/}{fg=#66ff66 bg=#041204}  {/}{fg=#2adf2a bg=#041204}@phone          {/}{fg=#1d8f1d bg=#041204}  3{/}{fg=#33ff33 bg=#041204}    {/}{fg=#33ff33 bg=#020a02}                                        {/}{fg=#33ff33 bg=#041204}                                  {/}
{fg=#33ff33 bg=#041204}                          {/}{fg=#33ff33 bg=#020a02}                                        {/}{fg=#33ff33 bg=#041204}                                  {/}
{fg=#33ff33 bg=#041204}                          {/}{fg=#33ff33 bg=#020a02}                                        {/}{fg=#33ff33 bg=#041204}                                  {/}
{fg=#33ff33 bg=#041204}                          {/}{fg=#33ff33 bg=#020a02}                                        {/}{fg=#33ff33 bg=#041204}                                  {/}
{fg=#33ff33 bg=#041204}                          {/}{fg=#33ff33 bg=#020a02}                                        {/}{fg=#33ff33 bg=#041204}                                  {/}
{fg=#33ff33 bg=#041204}                          {/}{fg=#33ff33 bg=#020a02}                                        {/}{fg=#33ff33 bg=#041204}                                  {/}
{fg=#33ff33 bg=#041204}                          {/}{fg=#33ff33 bg=#020a02}                                        {/}{fg=#33ff33 bg=#041204}                                  {/}
{fg=#33ff33 bg=#041204}                          {/}{fg=#33ff33 bg=#020a02}                                        {/}{fg=#33ff33 bg=#041204}                                  {/}
{fg=#33ff33 bg=#041204}                          {/}{fg=#33ff33 bg=#020a02}                                        {/}{fg=#33ff33 bg=#041204}                                  {/}
{fg=#33ff33 bg=#041204}                          {/}{fg=#33ff33 bg=#020a02}                                        {/}{fg=#33ff33 bg=#041204}                                  {/}
{fg=#33ff33 bg=#041204}                          {/}{fg=#33ff33 bg=#020a02}                                        {/}{fg=#33ff33 bg=#041204}                                  {/}
{fg=#33ff33 bg=#041204}                          {/}{fg=#33ff33 bg=#020a02}                                        {/}{fg=#33ff33 bg=#041204}                                  {/}
{fg=#33ff33 bg=#041204}                          {/}{fg=#33ff33 bg=#020a02}                                        {/}{fg=#33ff33 bg=#041204}                                  {/}
{fg=#33ff33 bg=#041204}                          {/}{fg=#33ff33 bg=#020a02}                                        {/}{fg=#33ff33 bg=#041204}                                  {/}
{fg=#33ff33 bg=#041204}                          {/}{fg=#33ff33 bg=#020a02}                                        {/}{fg=#33ff33 bg=#041204}                                  {/}
{fg=#33ff33 bg=#041204}                          {/}{fg=#33ff33 bg=#020a02}                                        {/}{fg=#33ff33 bg=#041204}                                  {/}
{fg=#020a02 bg=#33ff33 mod=bold} ARCHIVE {/}{bg=#041204}  {/}{fg=#33ff33 bg=#041204}j/k · n new · r reschedule · x done · / {/}{fg=#1d8f1d bg=#041204}0 archived · 2026-05-06 · tuxedo 2026.7.1-prumo2 {/}
