---
source: tests/snapshots.rs
expression: buffer_to_text(&buf)
---
 FILTERS                   ▶▮◀ /tmp/tuxedo-snapshot.txt  •  15 tas DETAIL                           
     ┌ tuxedo · help ─────────────────────────────────────────────────────────────────────────┐     
 PROJ│  NAVIGATION                                  VIEW                                      │     
   +w│    j / ↓             next task                 /                 fuzzy search          │     
   +h│    k / ↑             previous task             fp / fc           filter project/context│     
   +f│    gg                first task                ff / fs           saved filter pick/save│     
   +h│    G                 last task                 S                 cycle sort            │     
   +l│    Ctrl-d / Ctrl-u   page down / up            v                 visual / multi-select │     
   +p│                                                l                 list view             │     
   +t│  EDITING                                       a                 archive view          │     
     │    n                 new task                  A                 archive completed     │rd   
 CONT│    e                 edit line (normal)        H                 show done in list     │     
   @e│    i                 edit line (insert)        F                 show future in list   │     
   @h│    r                 reschedule task           [ / ]             toggle filter / detail│     
   @l│    x                 complete → archive        T                 cycle theme           │     
   @p│    dd                delete task               D                 cycle density         │     
     │    p                 cycle priority A→B→C→·    L                 toggle line numbers   │     
     │    c                 add/remove context                                                │     
     │    +                 add project             NOTES & FILES                             │     
     │    yy                copy line to clipboard    m / N             note panel (in-app)   │     
     │    yb                copy body only              i / Esc         panel: write / back·cl│     
     │    u                 undo                        Shift+arrows    panel: select text    │     
     │                                                  Del/Backspace   panel: delete selectio│     
     │  SYSTEM                                          Ctrl-S / o      panel: save / $EDITOR │     
     │    : / Ctrl-P        command palette           o / O             open / create note in │     
     │    s                 share capture QR          t                 attach file (drag or p│     
     │    ? / ,             help / settings           Enter             open attachments      │     
     │    q                 quit                                                              │     
     │────────────────────────────────────────────────────────────────────────────────────────│     
     └────────────────────────────────────────────────────────────────────────────────────────┘     
                                                                                                    
 HELP   ? close help                                         15 open · 2026-05-06 · tuxedo 2026.6.3
