---
source: tests/snapshots.rs
expression: buffer_to_styled(&buf)
---
{fg=#6b7280 bg=#1f232b mod=bold} FILTERS{/}{fg=#c8ccd4 bg=#1f232b}                  {/}{bg=#1f232b} {/}{fg=#8aa9c9 bg=#1f232b}▶{/}{fg=#e07a7a bg=#1f232b}▮{/}{fg=#8aa9c9 bg=#1f232b}◀{/}{bg=#1f232b} {/}{fg=#c8ccd4 bg=#1f232b mod=bold}/tmp/tuxedo-snapshot-detail/todo.tx{/}{fg=#6b7280 bg=#1f232b mod=bold} DETAIL{/}{fg=#c8ccd4 bg=#1f232b}                           {/}
{fg=#c8ccd4 bg=#1f232b}                          {/}{bg=#1a1d23}                                        {/}{fg=#c8ccd4 bg=#1f232b}                                  {/}
{fg=#7fb3a8 bg=#1f232b mod=bold} PROJECTS{/}{fg=#c8ccd4 bg=#1f232b}                 {/}{fg=#c8ccd4 bg=#1a1d23} {/}{fg=#6b7280 bg=#1a1d23}(1){/}{fg=#c8ccd4 bg=#1a1d23}  {/}{fg=#6b7280 bg=#1a1d23 mod=bold}NO PRIORITY{/}{fg=#c8ccd4 bg=#1a1d23}  {/}{fg=#2a2f38 bg=#1a1d23}─────────────────────{/}{fg=#6b7280 bg=#1f232b} priority  {/}{fg=#c8ccd4 bg=#1f232b}                       {/}
{fg=#c8ccd4 bg=#1f232b} {/}{fg=#8aa9c9 bg=#1f232b}  {/}{fg=#7fb3a8 bg=#1f232b}+client         {/}{fg=#6b7280 bg=#1f232b}  1{/}{fg=#c8ccd4 bg=#1f232b}    {/}{fg=#6b7280 bg=#3a4150}  1 {/}{fg=#8aa9c9 bg=#3a4150 mod=bold}▸ {/}{fg=#c8ccd4 bg=#3a4150}    Prepare client call {/}{fg=#7fb3a8 bg=#3a4150}+client{/}{fg=#c8ccd4 bg=#3a4150} {/}{fg=#6b7280 bg=#3a4150}no{/}{fg=#6b7280 bg=#1f232b} created   {/}{fg=#c8ccd4 bg=#1f232b}—                      {/}
{fg=#c8ccd4 bg=#1f232b}                          {/}{fg=#c8ccd4 bg=#1a1d23}                                        {/}{fg=#6b7280 bg=#1f232b} projects  {/}{fg=#7fb3a8 bg=#1f232b}+client{/}{fg=#c8ccd4 bg=#1f232b}                {/}
{fg=#c89a6e bg=#1f232b mod=bold} CONTEXTS{/}{fg=#c8ccd4 bg=#1f232b}                 {/}{fg=#c8ccd4 bg=#1a1d23}                                        {/}{fg=#6b7280 bg=#1f232b} contexts  {/}{fg=#c8ccd4 bg=#1f232b}                       {/}
{fg=#c8ccd4 bg=#1f232b}   {/}{fg=#6b7280 bg=#1f232b}tag with {/}{fg=#c89a6e bg=#1f232b}@context{/}{fg=#c8ccd4 bg=#1f232b}      {/}{fg=#c8ccd4 bg=#1a1d23}                                        {/}{fg=#c8ccd4 bg=#1f232b}                                  {/}
{fg=#c8ccd4 bg=#1f232b}                          {/}{fg=#c8ccd4 bg=#1a1d23}                                        {/}{fg=#6b7280 bg=#1f232b mod=bold} FILES{/}{fg=#c8ccd4 bg=#1f232b}                            {/}
{fg=#c8ccd4 bg=#1f232b}                          {/}{fg=#c8ccd4 bg=#1a1d23}                                        {/}{fg=#c8ccd4 bg=#1f232b} {/}{fg=#8aa9c9 bg=#1f232b mod=underlined}spec.pdf{/}{fg=#c8ccd4 bg=#1f232b}                         {/}
{fg=#c8ccd4 bg=#1f232b}                          {/}{fg=#c8ccd4 bg=#1a1d23}                                        {/}{fg=#c8ccd4 bg=#1f232b}                                  {/}
{fg=#c8ccd4 bg=#1f232b}                          {/}{fg=#c8ccd4 bg=#1a1d23}                                        {/}{fg=#6b7280 bg=#1f232b mod=bold} NOTE{/}{fg=#c8ccd4 bg=#1f232b}                             {/}
{fg=#c8ccd4 bg=#1f232b}                          {/}{fg=#c8ccd4 bg=#1a1d23}                                        {/}{fg=#c8ccd4 bg=#1f232b} {/}{fg=#8aa9c9 bg=#1f232b mod=bold}# Briefing{/}{fg=#c8ccd4 bg=#1f232b}                       {/}
{fg=#c8ccd4 bg=#1f232b}                          {/}{fg=#c8ccd4 bg=#1a1d23}                                        {/}{fg=#c8ccd4 bg=#1f232b}                                  {/}
{fg=#c8ccd4 bg=#1f232b}                          {/}{fg=#c8ccd4 bg=#1a1d23}                                        {/}{fg=#c8ccd4 bg=#1f232b} Context for the client call.     {/}
{fg=#c8ccd4 bg=#1f232b}                          {/}{fg=#c8ccd4 bg=#1a1d23}                                        {/}{fg=#c8ccd4 bg=#1f232b}                                  {/}
{fg=#c8ccd4 bg=#1f232b}                          {/}{fg=#c8ccd4 bg=#1a1d23}                                        {/}{fg=#c8ccd4 bg=#1f232b} {/}{fg=#7fb3a8 bg=#1f232b}-{/}{fg=#c8ccd4 bg=#1f232b} [ ] send agenda                {/}
{fg=#c8ccd4 bg=#1f232b}                          {/}{fg=#c8ccd4 bg=#1a1d23}                                        {/}{fg=#c8ccd4 bg=#1f232b} {/}{fg=#6b7280 bg=#1f232b mod=italic}> keep it short{/}{fg=#c8ccd4 bg=#1f232b}                  {/}
{fg=#c8ccd4 bg=#1f232b}                          {/}{fg=#c8ccd4 bg=#1a1d23}                                        {/}{fg=#c8ccd4 bg=#1f232b}                                  {/}
{fg=#c8ccd4 bg=#1f232b}                          {/}{fg=#c8ccd4 bg=#1a1d23}                                        {/}{fg=#6b7280 bg=#1f232b mod=bold} RAW{/}{fg=#c8ccd4 bg=#1f232b}                              {/}
{fg=#c8ccd4 bg=#1f232b}                          {/}{fg=#c8ccd4 bg=#1a1d23}                                        {/}{fg=#c8ccd4 bg=#1f232b}                                  {/}
{fg=#c8ccd4 bg=#1f232b}                          {/}{fg=#c8ccd4 bg=#1a1d23}                                        {/}{fg=#c8ccd4 bg=#1f232b} Prepare client call {/}{fg=#7fb3a8 bg=#1f232b}+client{/}{fg=#c8ccd4 bg=#1f232b}      {/}
{fg=#c8ccd4 bg=#1f232b}                          {/}{fg=#c8ccd4 bg=#1a1d23}                                        {/}{fg=#c8ccd4 bg=#1f232b} note:briefing.md at:spec.pdf     {/}
{fg=#c8ccd4 bg=#1f232b}                          {/}{fg=#c8ccd4 bg=#1a1d23}                                        {/}{fg=#c8ccd4 bg=#1f232b}                                  {/}
{fg=#c8ccd4 bg=#1f232b}                          {/}{fg=#c8ccd4 bg=#1a1d23}                                        {/}{fg=#c8ccd4 bg=#1f232b}                                  {/}
{fg=#c8ccd4 bg=#1f232b}                          {/}{fg=#c8ccd4 bg=#1a1d23}                                        {/}{fg=#c8ccd4 bg=#1f232b}                                  {/}
{fg=#c8ccd4 bg=#1f232b}                          {/}{fg=#c8ccd4 bg=#1a1d23}                                        {/}{fg=#c8ccd4 bg=#1f232b}                                  {/}
{fg=#c8ccd4 bg=#1f232b}                          {/}{fg=#c8ccd4 bg=#1a1d23}                                        {/}{fg=#c8ccd4 bg=#1f232b}                                  {/}
{fg=#c8ccd4 bg=#1f232b}                          {/}{fg=#c8ccd4 bg=#1a1d23}                                        {/}{fg=#c8ccd4 bg=#1f232b}                                  {/}
{fg=#c8ccd4 bg=#1f232b}                          {/}{fg=#c8ccd4 bg=#1a1d23}                                        {/}{fg=#c8ccd4 bg=#1f232b}                                  {/}
{fg=#c8ccd4 bg=#1f232b}                          {/}{fg=#c8ccd4 bg=#1a1d23}                                        {/}{fg=#c8ccd4 bg=#1f232b}                                  {/}
{fg=#c8ccd4 bg=#1f232b}                          {/}{fg=#c8ccd4 bg=#1a1d23}                                        {/}{fg=#c8ccd4 bg=#1f232b}                                  {/}
{fg=#1a1d23 bg=#8aa9c9 mod=bold} NORMAL {/}{bg=#252a33}  {/}{fg=#a8b0bc bg=#252a33}j/k · n new · r reschedule · x done · / search · ? h{/}{fg=#6b7280 bg=#252a33}1 open · 2026-05-06 · tuxedo 2026.6.3 {/}
