---
source: tests/snapshots.rs
expression: buffer_to_text(&buf)
---
 FILTERS                   ▶▮◀ done.txt  •  0 tasks  •  sort:compl DETAIL                           
                                                                                                    
 PROJECTS                    no completed tasks yet                (no task)                        
   +work             4                                                                              
   +health           3                                                                              
   +finance          2                                                                              
   +home             1                                                                              
   +learning         1                                                                              
   +personal         1                                                                              
   +travel           1                                                                              
                                                                                                    
 CONTEXTS                                                                                           
   @errands          4                                                                              
   @home             4                                                                              
   @laptop           4                                                                              
   @phone            3                                                                              
                                                                                                    
                                                                                                    
                                                                                                    
                                                                                                    
                                                                                                    
                                                                                                    
                                                                                                    
                                                                                                    
                                                                                                    
                                                                                                    
                                                                                                    
                                                                                                    
                                                                                                    
                                                                                                    
                                                                                                    
 ARCHIVE   j/k · n new · r reschedule · x done · / 0 archived · 2026-05-06 · tuxedo 2026.7.1-prumo2
